// Jest Snapshot v1, https://goo.gl/fbAQLP

exports[`PhotoThumbnail renders a div with an image and an icon 1`] = `
<div
  aria-selected={false}
  className="photo"
  onClick={[MockFunction]}
  onKeyUp={[MockFunction]}
  role="option"
  tabIndex={0}
>
  <img
    alt="thumbnail"
    onLoad={[Function]}
    src="/thumbnail?path=path&maxWidth=300&maxHeight=300"
    title="path"
  />
</div>
`;
