// Jest Snapshot v1, https://goo.gl/fbAQLP

exports[`PhotosGrid renders a grid of photo thumbnails and a filter checkbox and label 1`] = `
<nav
  id="photosList"
>
  <div
    style={
      Object {
        "height": 0,
        "overflow": "visible",
        "width": 0,
      }
    }
  >
    <div
      aria-label="grid"
      aria-readonly={true}
      className="ReactVirtualized__Grid"
      onScroll={[Function]}
      role="grid"
      style={
        Object {
          "WebkitOverflowScrolling": "touch",
          "boxSizing": "border-box",
          "direction": "ltr",
          "height": 0,
          "overflowX": "hidden",
          "overflowY": "auto",
          "position": "relative",
          "width": 0,
          "willChange": "transform",
        }
      }
      tabIndex={0}
    />
  </div>
</nav>
`;

exports[`PhotosGrid rowRenderer returns a PhotoThumbnail for the photo at the given index 1`] = `
<PhotoThumbnail
  handleSelect={[Function]}
  isSelected={false}
  photo={
    Object {
      "height": 5,
      "loaded": false,
      "path": "path",
      "src": "source",
      "width": 10,
    }
  }
  style={
    Object {
      "color": "black",
    }
  }
/>
`;
